Traceback (most recent call last):
  File "/data/miniconda/envs/torch/lib/python3.10/urllib/request.py", line 1348, in do_open
    h.request(req.get_method(), req.selector, req.data, headers,
  File "/data/miniconda/envs/torch/lib/python3.10/http/client.py", line 1283, in request
    self._send_request(method, url, body, headers, encode_chunked)
  File "/data/miniconda/envs/torch/lib/python3.10/http/client.py", line 1329, in _send_request
    self.endheaders(body, encode_chunked=encode_chunked)
  File "/data/miniconda/envs/torch/lib/python3.10/http/client.py", line 1278, in endheaders
    self._send_output(message_body, encode_chunked=encode_chunked)
  File "/data/miniconda/envs/torch/lib/python3.10/http/client.py", line 1038, in _send_output
    self.send(msg)
  File "/data/miniconda/envs/torch/lib/python3.10/http/client.py", line 976, in send
    self.connect()
  File "/data/miniconda/envs/torch/lib/python3.10/http/client.py", line 1448, in connect
    super().connect()
  File "/data/miniconda/envs/torch/lib/python3.10/http/client.py", line 942, in connect
    self.sock = self._create_connection(
  File "/data/miniconda/envs/torch/lib/python3.10/socket.py", line 845, in create_connection
    raise err
  File "/data/miniconda/envs/torch/lib/python3.10/socket.py", line 833, in create_connection
    sock.connect(sa)
TimeoutError: timed out

During handling of the above exception, another exception occurred:

Traceback (most recent call last):
  File "/data/coding/C_B_range_resume_actual_20261009T081939Z/repair_public_transport_v1.py", line 131, in <module>
    elif a.child: child(a.child,a.root)
  File "/data/coding/C_B_range_resume_actual_20261009T081939Z/repair_public_transport_v1.py", line 91, in child
    download(row,dest,root/'transport.jsonl'); local[row['url']]=dest
  File "/data/coding/C_B_range_resume_actual_20261009T081939Z/repair_public_transport_v1.py", line 20, in download
    with opener(req,timeout=120) as response:
  File "/data/miniconda/envs/torch/lib/python3.10/urllib/request.py", line 216, in urlopen
    return opener.open(url, data, timeout)
  File "/data/miniconda/envs/torch/lib/python3.10/urllib/request.py", line 519, in open
    response = self._open(req, data)
  File "/data/miniconda/envs/torch/lib/python3.10/urllib/request.py", line 536, in _open
    result = self._call_chain(self.handle_open, protocol, protocol +
  File "/data/miniconda/envs/torch/lib/python3.10/urllib/request.py", line 496, in _call_chain
    result = func(*args)
  File "/data/miniconda/envs/torch/lib/python3.10/urllib/request.py", line 1391, in https_open
    return self.do_open(http.client.HTTPSConnection, req,
  File "/data/miniconda/envs/torch/lib/python3.10/urllib/request.py", line 1351, in do_open
    raise URLError(err)
urllib.error.URLError: <urlopen error timed out>
